No intro: https://www.ug.dk/uddannelser/erhvervsakademiuddannelser/biooglaboratorietekniskeakademiuddannelser
No descr: https://www.ug.dk/uddannelser/erhvervsakademiuddannelser/biooglaboratorietekniskeakademiuddannelser
No intro: https://www.ug.dk/uddannelser/erhvervsakademiuddannelser/designfagliveakademiuddannelser
No descr: https://www.ug.dk/uddannelser/erhvervsakademiuddannelser/designfagliveakademiuddannelser
No intro: https://www.ug.dk/uddannelser/erhvervsakademiuddannelser/enkeltfagakademiuddannelser
No descr: https://www.ug.dk/uddannelser/erhvervsakademiuddannelser/enkeltfagakademiuddannelser
No intro: https://www.ug.dk/uddannelser/erhvervsakademiuddannelser/handelsogoekonomiskeuddannelser
No descr: https://www.ug.dk/uddannelser/erhvervsakademiuddannelser/handelsogoekonomiskeuddannelser
No intro: https://www.ug.dk/uddannelser/erhvervsakademiuddannelser/itogdesignuddannelser
No descr: https://www.ug.dk/uddannelser/erhvervsakademiuddannelser/itogdesignuddannelser
No intro: https://www.ug.dk/uddannelser/erhvervsakademiuddannelser/samfundsfagligeakademiuddannelser
No descr: https://www.ug.dk/uddannelser/erhvervsakademiuddannelser/samfundsfagligeakademiuddannelser
No intro: https://www.ug.dk/uddannelser/erhvervsakademiuddannelser/sundhedsuddannelser
No descr: https://www.ug.dk/uddannelser/erhvervsakademiuddannelser/sundhedsuddannelser
No intro: https://www.ug.dk/uddannelser/erhvervsakademiuddannelser/tekniskeogteknologiskeuddannelser
No descr: https://www.ug.dk/uddannelser/erhvervsakademiuddannelser/tekniskeogteknologiskeuddannelser
No intro: https://www.ug.dk/uddannelser/kunstneriskeuddannelser/arkitekturkunstogdesign
No descr: https://www.ug.dk/uddannelser/kunstneriskeuddannelser/arkitekturkunstogdesign
No intro: https://www.ug.dk/uddannelser/kunstneriskeuddannelser/filmogteateruddannelser
No descr: https://www.ug.dk/uddannelser/kunstneriskeuddannelser/filmogteateruddannelser
No intro: https://www.ug.dk/uddannelser/kunstneriskeuddannelser/musikuddannelser
No descr: https://www.ug.dk/uddannelser/kunstneriskeuddannelser/musikuddannelser
No intro: https://www.ug.dk/uddannelser/professionsbacheloruddannelser/designfagligeuddannelser
No descr: https://www.ug.dk/uddannelser/professionsbacheloruddannelser/designfagligeuddannelser
No intro: https://www.ug.dk/uddannelser/professionsbacheloruddannelser/enkeltfag
No descr: https://www.ug.dk/uddannelser/professionsbacheloruddannelser/enkeltfag
No intro: https://www.ug.dk/uddannelser/professionsbacheloruddannelser/oekonomiskmerkantileuddannelser
No descr: https://www.ug.dk/uddannelser/professionsbacheloruddannelser/oekonomiskmerkantileuddannelser
No intro: https://www.ug.dk/uddannelser/professionsbacheloruddannelser/overbygningsuddannelser
No descr: https://www.ug.dk/uddannelser/professionsbacheloruddannelser/overbygningsuddannelser
No intro: https://www.ug.dk/uddannelser/professionsbacheloruddannelser/paedagogiskeuddannelser
No descr: https://www.ug.dk/uddannelser/professionsbacheloruddannelser/paedagogiskeuddannelser
No intro: https://www.ug.dk/uddannelser/professionsbacheloruddannelser/samfundsfagligeogoekonomiskeuddannelser
No descr: https://www.ug.dk/uddannelser/professionsbacheloruddannelser/samfundsfagligeogoekonomiskeuddannelser
No intro: https://www.ug.dk/uddannelser/professionsbacheloruddannelser/socialogsundhedsuddannelser
No descr: https://www.ug.dk/uddannelser/professionsbacheloruddannelser/socialogsundhedsuddannelser
No intro: https://www.ug.dk/uddannelser/professionsbacheloruddannelser/sprogogformidlingsuddannelser
No descr: https://www.ug.dk/uddannelser/professionsbacheloruddannelser/sprogogformidlingsuddannelser
No intro: https://www.ug.dk/uddannelser/professionsbacheloruddannelser/tekniskeogteknologiskeudd
No descr: https://www.ug.dk/uddannelser/professionsbacheloruddannelser/tekniskeogteknologiskeudd
No intro: https://www.ug.dk/uddannelser/professionsbacheloruddannelser/tekniskeogteknologiskeudd/diplomingenioeruddannelser
No descr: https://www.ug.dk/uddannelser/professionsbacheloruddannelser/tekniskeogteknologiskeudd/diplomingenioeruddannelser
No intro: https://www.ug.dk/uddannelser/professionsbacheloruddannelser/tekniskeogteknologiskeudd/maritimeuddannelser
No descr: https://www.ug.dk/uddannelser/professionsbacheloruddannelser/tekniskeogteknologiskeudd/maritimeuddannelser
No intro: https://www.ug.dk/uddannelser/professionsbacheloruddannelser/tekniskeogteknologiskeudd/oevrigetekniskeuddannelser
No descr: https://www.ug.dk/uddannelser/professionsbacheloruddannelser/tekniskeogteknologiskeudd/oevrigetekniskeuddannelser
No intro: https://www.ug.dk/uddannelser/universitetsuddannelser/bacheloruddannelser
No descr: https://www.ug.dk/uddannelser/universitetsuddannelser/bacheloruddannelser
No intro: https://www.ug.dk/uddannelser/universitetsuddannelser/bacheloruddannelser/humanistiskebacheloruddannelser
No descr: https://www.ug.dk/uddannelser/universitetsuddannelser/bacheloruddannelser/humanistiskebacheloruddannelser
No intro: https://www.ug.dk/uddannelser/universitetsuddannelser/bacheloruddannelser/humanistiskebacheloruddannelser/sprog
No descr: https://www.ug.dk/uddannelser/universitetsuddannelser/bacheloruddannelser/humanistiskebacheloruddannelser/sprog
No intro: https://www.ug.dk/uddannelser/universitetsuddannelser/bacheloruddannelser/humanistiskebacheloruddannelser-0
No descr: https://www.ug.dk/uddannelser/universitetsuddannelser/bacheloruddannelser/humanistiskebacheloruddannelser-0
No intro: https://www.ug.dk/uddannelser/universitetsuddannelser/bacheloruddannelser/humanistiskebacheloruddannelser-1
No descr: https://www.ug.dk/uddannelser/universitetsuddannelser/bacheloruddannelser/humanistiskebacheloruddannelser-1
No intro: https://www.ug.dk/uddannelser/universitetsuddannelser/bacheloruddannelser/naturvidenskabeligebacheloruddannelser
No descr: https://www.ug.dk/uddannelser/universitetsuddannelser/bacheloruddannelser/naturvidenskabeligebacheloruddannelser
No intro: https://www.ug.dk/uddannelser/universitetsuddannelser/bacheloruddannelser/naturvidenskabeligebacheloruddannelser-0
No descr: https://www.ug.dk/uddannelser/universitetsuddannelser/bacheloruddannelser/naturvidenskabeligebacheloruddannelser-0
No intro: https://www.ug.dk/uddannelser/universitetsuddannelser/bacheloruddannelser/naturvidenskabeligebacheloruddannelser-1
No descr: https://www.ug.dk/uddannelser/universitetsuddannelser/bacheloruddannelser/naturvidenskabeligebacheloruddannelser-1
No intro: https://www.ug.dk/uddannelser/universitetsuddannelser/bacheloruddannelser/naturvidenskabeligebacheloruddannelser-2
No descr: https://www.ug.dk/uddannelser/universitetsuddannelser/bacheloruddannelser/naturvidenskabeligebacheloruddannelser-2
No intro: https://www.ug.dk/uddannelser/universitetsuddannelser/bacheloruddannelser/samfundsvidenskabeligebacheloruddannelser
No descr: https://www.ug.dk/uddannelser/universitetsuddannelser/bacheloruddannelser/samfundsvidenskabeligebacheloruddannelser
No intro: https://www.ug.dk/uddannelser/universitetsuddannelser/bacheloruddannelser/samfundsvidenskabeligebacheloruddannelser-0
No descr: https://www.ug.dk/uddannelser/universitetsuddannelser/bacheloruddannelser/samfundsvidenskabeligebacheloruddannelser-0
No intro: https://www.ug.dk/uddannelser/universitetsuddannelser/bacheloruddannelser/samfundsvidenskabeligebacheloruddannelser-1
No descr: https://www.ug.dk/uddannelser/universitetsuddannelser/bacheloruddannelser/samfundsvidenskabeligebacheloruddannelser-1
No intro: https://www.ug.dk/uddannelser/universitetsuddannelser/bacheloruddannelser/samfundsvidenskabeligebacheloruddannelser-2
No descr: https://www.ug.dk/uddannelser/universitetsuddannelser/bacheloruddannelser/samfundsvidenskabeligebacheloruddannelser-2
No intro: https://www.ug.dk/uddannelser/universitetsuddannelser/bacheloruddannelser/sundhedsvidenskabeligebacheloruddannelser
No descr: https://www.ug.dk/uddannelser/universitetsuddannelser/bacheloruddannelser/sundhedsvidenskabeligebacheloruddannelser
No intro: https://www.ug.dk/uddannelser/universitetsuddannelser/bacheloruddannelser/tekniskvidenskabeligebacheloruddannelser
No descr: https://www.ug.dk/uddannelser/universitetsuddannelser/bacheloruddannelser/tekniskvidenskabeligebacheloruddannelser
No intro: https://www.ug.dk/uddannelser/universitetsuddannelser/bacheloruddannelser/tekniskvidenskabeligebacheloruddannelser-0
No descr: https://www.ug.dk/uddannelser/universitetsuddannelser/bacheloruddannelser/tekniskvidenskabeligebacheloruddannelser-0
No intro: https://www.ug.dk/uddannelser/universitetsuddannelser/bacheloruddannelser/tekniskvidenskabeligebacheloruddannelser-1
No descr: https://www.ug.dk/uddannelser/universitetsuddannelser/bacheloruddannelser/tekniskvidenskabeligebacheloruddannelser-1
No intro: https://www.ug.dk/uddannelser/universitetsuddannelser/bacheloruddannelser/tekniskvidenskabeligebacheloruddannelser-2
No descr: https://www.ug.dk/uddannelser/universitetsuddannelser/bacheloruddannelser/tekniskvidenskabeligebacheloruddannelser-2
No intro: https://www.ug.dk/uddannelser/universitetsuddannelser/bacheloruddannelser/teologiskbacheloruddannelse
No descr: https://www.ug.dk/uddannelser/universitetsuddannelser/bacheloruddannelser/teologiskbacheloruddannelse
No intro: https://www.ug.dk/uddannelser/universitetsuddannelser/enkeltfagogdeluddannelserveduni
No descr: https://www.ug.dk/uddannelser/universitetsuddannelser/enkeltfagogdeluddannelserveduni
No intro: https://www.ug.dk/uddannelser/universitetsuddannelser/kandidatuddannelser
No descr: https://www.ug.dk/uddannelser/universitetsuddannelser/kandidatuddannelser
No intro: https://www.ug.dk/uddannelser/universitetsuddannelser/kandidatuddannelser/humanistiskekandidatuddannelser
No descr: https://www.ug.dk/uddannelser/universitetsuddannelser/kandidatuddannelser/humanistiskekandidatuddannelser
No intro: https://www.ug.dk/uddannelser/universitetsuddannelser/kandidatuddannelser/humanistiskekandidatuddannelser/sprog
No descr: https://www.ug.dk/uddannelser/universitetsuddannelser/kandidatuddannelser/humanistiskekandidatuddannelser/sprog
No intro: https://www.ug.dk/uddannelser/universitetsuddannelser/kandidatuddannelser/humanistiskekandidatuddannelser-0
No descr: https://www.ug.dk/uddannelser/universitetsuddannelser/kandidatuddannelser/humanistiskekandidatuddannelser-0
No intro: https://www.ug.dk/uddannelser/universitetsuddannelser/kandidatuddannelser/humanistiskekandidatuddannelser-1
No descr: https://www.ug.dk/uddannelser/universitetsuddannelser/kandidatuddannelser/humanistiskekandidatuddannelser-1
No intro: https://www.ug.dk/uddannelser/universitetsuddannelser/kandidatuddannelser/naturvidenskabeligekandidatuddannelser
No descr: https://www.ug.dk/uddannelser/universitetsuddannelser/kandidatuddannelser/naturvidenskabeligekandidatuddannelser
No intro: https://www.ug.dk/uddannelser/universitetsuddannelser/kandidatuddannelser/naturvidenskabeligekandidatuddannelser-0
No descr: https://www.ug.dk/uddannelser/universitetsuddannelser/kandidatuddannelser/naturvidenskabeligekandidatuddannelser-0
No intro: https://www.ug.dk/uddannelser/universitetsuddannelser/kandidatuddannelser/naturvidenskabeligekandidatuddannelser-1
No descr: https://www.ug.dk/uddannelser/universitetsuddannelser/kandidatuddannelser/naturvidenskabeligekandidatuddannelser-1
No intro: https://www.ug.dk/uddannelser/universitetsuddannelser/kandidatuddannelser/naturvidenskabeligekandidatuddannelser-2
No descr: https://www.ug.dk/uddannelser/universitetsuddannelser/kandidatuddannelser/naturvidenskabeligekandidatuddannelser-2
No intro: https://www.ug.dk/uddannelser/universitetsuddannelser/kandidatuddannelser/samfundsvidenskabeligekandidatuddannelser
No descr: https://www.ug.dk/uddannelser/universitetsuddannelser/kandidatuddannelser/samfundsvidenskabeligekandidatuddannelser
No intro: https://www.ug.dk/uddannelser/universitetsuddannelser/kandidatuddannelser/samfundsvidenskabeligekandidatuddannelser-0
No descr: https://www.ug.dk/uddannelser/universitetsuddannelser/kandidatuddannelser/samfundsvidenskabeligekandidatuddannelser-0
No intro: https://www.ug.dk/uddannelser/universitetsuddannelser/kandidatuddannelser/samfundsvidenskabeligekandidatuddannelser-1
No descr: https://www.ug.dk/uddannelser/universitetsuddannelser/kandidatuddannelser/samfundsvidenskabeligekandidatuddannelser-1
No intro: https://www.ug.dk/uddannelser/universitetsuddannelser/kandidatuddannelser/samfundsvidenskabeligekandidatuddannelser-2
No descr: https://www.ug.dk/uddannelser/universitetsuddannelser/kandidatuddannelser/samfundsvidenskabeligekandidatuddannelser-2
No intro: https://www.ug.dk/uddannelser/universitetsuddannelser/kandidatuddannelser/sundhedsvidenskabeligekandidatuddannelser
No descr: https://www.ug.dk/uddannelser/universitetsuddannelser/kandidatuddannelser/sundhedsvidenskabeligekandidatuddannelser
No intro: https://www.ug.dk/uddannelser/universitetsuddannelser/kandidatuddannelser/tekniskvidenskabeligekandidatuddannelser
No descr: https://www.ug.dk/uddannelser/universitetsuddannelser/kandidatuddannelser/tekniskvidenskabeligekandidatuddannelser
No intro: https://www.ug.dk/uddannelser/universitetsuddannelser/kandidatuddannelser/tekniskvidenskabeligekandidatuddannelser-0
No descr: https://www.ug.dk/uddannelser/universitetsuddannelser/kandidatuddannelser/tekniskvidenskabeligekandidatuddannelser-0
No intro: https://www.ug.dk/uddannelser/universitetsuddannelser/kandidatuddannelser/tekniskvidenskabeligekandidatuddannelser-1
No descr: https://www.ug.dk/uddannelser/universitetsuddannelser/kandidatuddannelser/tekniskvidenskabeligekandidatuddannelser-1
No intro: https://www.ug.dk/uddannelser/universitetsuddannelser/kandidatuddannelser/tekniskvidenskabeligekandidatuddannelser-2
No descr: https://www.ug.dk/uddannelser/universitetsuddannelser/kandidatuddannelser/tekniskvidenskabeligekandidatuddannelser-2
No intro: https://www.ug.dk/uddannelser/universitetsuddannelser/kandidatuddannelser/teologiskkandidatuddannelse
No descr: https://www.ug.dk/uddannelser/universitetsuddannelser/kandidatuddannelser/teologiskkandidatuddannelse
